2026-05-14 14:21:52,019 - MainThread - PIL.Image - DEBUG - Importing PngImagePlugin
2026-05-14 14:21:52,030 - MainThread - PIL.PngImagePlugin - DEBUG - STREAM b'IHDR' 16 13
2026-05-14 14:21:52,030 - MainThread - PIL.PngImagePlugin - DEBUG - STREAM b'IDAT' 41 95
2026-05-14 14:21:52,030 - MainThread - PIL.PngImagePlugin - DEBUG - STREAM b'IHDR' 16 13
2026-05-14 14:21:52,030 - MainThread - PIL.PngImagePlugin - DEBUG - STREAM b'IDAT' 41 84
2026-05-14 14:21:52,031 - MainThread - PIL.PngImagePlugin - DEBUG - STREAM b'IHDR' 16 13
2026-05-14 14:21:52,031 - MainThread - PIL.PngImagePlugin - DEBUG - STREAM b'IDAT' 41 71
2026-05-14 14:21:52,031 - MainThread - PIL.PngImagePlugin - DEBUG - STREAM b'IHDR' 16 13
2026-05-14 14:21:52,032 - MainThread - PIL.PngImagePlugin - DEBUG - STREAM b'IDAT' 41 76
2026-05-14 14:22:02,075 - AI_Worker_0 - __main__ - INFO - Iniciando alimentar_banco_ia_em_lote com 7 arquivos
2026-05-14 14:22:02,189 - AI_Worker_0 - engine - INFO - Iniciando inicialização do ChromaDB...
2026-05-14 14:22:03,122 - AI_Worker_0 - engine - DEBUG - Criando SafeOllamaEmbeddingFunction...
2026-05-14 14:22:03,122 - AI_Worker_0 - engine - DEBUG - Inicializando chromadb.PersistentClient...
2026-05-14 14:22:03,201 - AI_Worker_0 - chromadb.config - DEBUG - Starting component System
2026-05-14 14:22:03,201 - AI_Worker_0 - chromadb.config - DEBUG - Starting component Posthog
2026-05-14 14:22:03,217 - AI_Worker_0 - engine - DEBUG - Obtendo collection despachos_kb_llama32...
2026-05-14 14:22:03,217 - AI_Worker_0 - engine - INFO - ChromaDB inicializado com sucesso.
2026-05-14 14:27:14,217 - MainThread - PIL.Image - DEBUG - Importing PngImagePlugin
2026-05-14 14:27:14,238 - MainThread - PIL.PngImagePlugin - DEBUG - STREAM b'IHDR' 16 13
2026-05-14 14:27:14,248 - MainThread - PIL.PngImagePlugin - DEBUG - STREAM b'IDAT' 41 95
2026-05-14 14:27:14,254 - MainThread - PIL.PngImagePlugin - DEBUG - STREAM b'IHDR' 16 13
2026-05-14 14:27:14,255 - MainThread - PIL.PngImagePlugin - DEBUG - STREAM b'IDAT' 41 84
2026-05-14 14:27:14,255 - MainThread - PIL.PngImagePlugin - DEBUG - STREAM b'IHDR' 16 13
2026-05-14 14:27:14,255 - MainThread - PIL.PngImagePlugin - DEBUG - STREAM b'IDAT' 41 71
2026-05-14 14:27:14,256 - MainThread - PIL.PngImagePlugin - DEBUG - STREAM b'IHDR' 16 13
2026-05-14 14:27:14,256 - MainThread - PIL.PngImagePlugin - DEBUG - STREAM b'IDAT' 41 76
2026-05-14 14:27:23,654 - AI_Worker_0 - __main__ - INFO - Iniciando alimentar_banco_ia_em_lote com 7 arquivos
2026-05-14 14:37:18,577 - MainThread - PIL.Image - DEBUG - Importing PngImagePlugin
2026-05-14 14:37:18,602 - MainThread - PIL.PngImagePlugin - DEBUG - STREAM b'IHDR' 16 13
2026-05-14 14:37:18,602 - MainThread - PIL.PngImagePlugin - DEBUG - STREAM b'IDAT' 41 95
2026-05-14 14:37:18,606 - MainThread - PIL.PngImagePlugin - DEBUG - STREAM b'IHDR' 16 13
2026-05-14 14:37:18,606 - MainThread - PIL.PngImagePlugin - DEBUG - STREAM b'IDAT' 41 84
2026-05-14 14:37:18,607 - MainThread - PIL.PngImagePlugin - DEBUG - STREAM b'IHDR' 16 13
2026-05-14 14:37:18,607 - MainThread - PIL.PngImagePlugin - DEBUG - STREAM b'IDAT' 41 71
2026-05-14 14:37:18,607 - MainThread - PIL.PngImagePlugin - DEBUG - STREAM b'IHDR' 16 13
2026-05-14 14:37:18,608 - MainThread - PIL.PngImagePlugin - DEBUG - STREAM b'IDAT' 41 76
2026-05-14 15:00:11,340 - AI_Worker_0 - engine - ERROR - Erro ao processar arquivo C:/Users/07049770108/Downloads/SEI_00002_00003035_2026_91.zip: [WinError 10054] Foi forçado o cancelamento de uma conexão existente pelo host remoto
Traceback (most recent call last):
  File "c:\Users\07049770108\Documents\Gerador Sei\engine.py", line 498, in alimentar_banco_ia_em_lote
    emb = self._get_embedding_ollama(texto)
          ^^^^^^^^^^^^^^^^^^^^^^^^^^^^^^^^^
  File "c:\Users\07049770108\Documents\Gerador Sei\engine.py", line 217, in _get_embedding_ollama
    with urllib.request.urlopen(req, timeout=120) as response:
         ^^^^^^^^^^^^^^^^^^^^^^^^^^^^^^^^^^^^^^^^
  File "C:\Users\07049770108\AppData\Local\Programs\Python\Python311\Lib\urllib\request.py", line 216, in urlopen
    return opener.open(url, data, timeout)
           ^^^^^^^^^^^^^^^^^^^^^^^^^^^^^^^
  File "C:\Users\07049770108\AppData\Local\Programs\Python\Python311\Lib\urllib\request.py", line 519, in open
    response = self._open(req, data)
               ^^^^^^^^^^^^^^^^^^^^^
  File "C:\Users\07049770108\AppData\Local\Programs\Python\Python311\Lib\urllib\request.py", line 536, in _open
    result = self._call_chain(self.handle_open, protocol, protocol +
             ^^^^^^^^^^^^^^^^^^^^^^^^^^^^^^^^^^^^^^^^^^^^^^^^^^^^^^^
  File "C:\Users\07049770108\AppData\Local\Programs\Python\Python311\Lib\urllib\request.py", line 496, in _call_chain
    result = func(*args)
             ^^^^^^^^^^^
  File "C:\Users\07049770108\AppData\Local\Programs\Python\Python311\Lib\urllib\request.py", line 1377, in http_open
    return self.do_open(http.client.HTTPConnection, req)
           ^^^^^^^^^^^^^^^^^^^^^^^^^^^^^^^^^^^^^^^^^^^^^
  File "C:\Users\07049770108\AppData\Local\Programs\Python\Python311\Lib\urllib\request.py", line 1352, in do_open
    r = h.getresponse()
        ^^^^^^^^^^^^^^^
  File "C:\Users\07049770108\AppData\Local\Programs\Python\Python311\Lib\http\client.py", line 1378, in getresponse
    response.begin()
  File "C:\Users\07049770108\AppData\Local\Programs\Python\Python311\Lib\http\client.py", line 318, in begin
    version, status, reason = self._read_status()
                              ^^^^^^^^^^^^^^^^^^^
  File "C:\Users\07049770108\AppData\Local\Programs\Python\Python311\Lib\http\client.py", line 279, in _read_status
    line = str(self.fp.readline(_MAXLINE + 1), "iso-8859-1")
               ^^^^^^^^^^^^^^^^^^^^^^^^^^^^^^
  File "C:\Users\07049770108\AppData\Local\Programs\Python\Python311\Lib\socket.py", line 706, in readinto
    return self._sock.recv_into(b)
           ^^^^^^^^^^^^^^^^^^^^^^^
ConnectionResetError: [WinError 10054] Foi forçado o cancelamento de uma conexão existente pelo host remoto
2026-05-14 16:39:55,188 - AI_Worker_0 - engine - ERROR - Erro ao processar arquivo C:/Users/07049770108/Downloads/SEI_00002_00003672_2026_68.zip: Remote end closed connection without response
Traceback (most recent call last):
  File "c:\Users\07049770108\Documents\Gerador Sei\engine.py", line 508, in alimentar_banco_ia_em_lote
    emb = self._get_embedding_ollama(texto)
          ^^^^^^^^^^^^^^^^^^^^^^^^^^^^^^^^^
  File "c:\Users\07049770108\Documents\Gerador Sei\engine.py", line 217, in _get_embedding_ollama
    with urllib.request.urlopen(req, timeout=120) as response:
         ^^^^^^^^^^^^^^^^^^^^^^^^^^^^^^^^^^^^^^^^
  File "C:\Users\07049770108\AppData\Local\Programs\Python\Python311\Lib\urllib\request.py", line 216, in urlopen
    return opener.open(url, data, timeout)
           ^^^^^^^^^^^^^^^^^^^^^^^^^^^^^^^
  File "C:\Users\07049770108\AppData\Local\Programs\Python\Python311\Lib\urllib\request.py", line 519, in open
    response = self._open(req, data)
               ^^^^^^^^^^^^^^^^^^^^^
  File "C:\Users\07049770108\AppData\Local\Programs\Python\Python311\Lib\urllib\request.py", line 536, in _open
    result = self._call_chain(self.handle_open, protocol, protocol +
             ^^^^^^^^^^^^^^^^^^^^^^^^^^^^^^^^^^^^^^^^^^^^^^^^^^^^^^^
  File "C:\Users\07049770108\AppData\Local\Programs\Python\Python311\Lib\urllib\request.py", line 496, in _call_chain
    result = func(*args)
             ^^^^^^^^^^^
  File "C:\Users\07049770108\AppData\Local\Programs\Python\Python311\Lib\urllib\request.py", line 1377, in http_open
    return self.do_open(http.client.HTTPConnection, req)
           ^^^^^^^^^^^^^^^^^^^^^^^^^^^^^^^^^^^^^^^^^^^^^
  File "C:\Users\07049770108\AppData\Local\Programs\Python\Python311\Lib\urllib\request.py", line 1352, in do_open
    r = h.getresponse()
        ^^^^^^^^^^^^^^^
  File "C:\Users\07049770108\AppData\Local\Programs\Python\Python311\Lib\http\client.py", line 1378, in getresponse
    response.begin()
  File "C:\Users\07049770108\AppData\Local\Programs\Python\Python311\Lib\http\client.py", line 318, in begin
    version, status, reason = self._read_status()
                              ^^^^^^^^^^^^^^^^^^^
  File "C:\Users\07049770108\AppData\Local\Programs\Python\Python311\Lib\http\client.py", line 287, in _read_status
    raise RemoteDisconnected("Remote end closed connection without"
http.client.RemoteDisconnected: Remote end closed connection without response
2026-05-14 16:46:23,753 - MainThread - PIL.Image - DEBUG - Importing PngImagePlugin
2026-05-14 16:46:23,785 - MainThread - PIL.PngImagePlugin - DEBUG - STREAM b'IHDR' 16 13
2026-05-14 16:46:23,785 - MainThread - PIL.PngImagePlugin - DEBUG - STREAM b'sRGB' 41 1
2026-05-14 16:46:23,785 - MainThread - PIL.PngImagePlugin - DEBUG - STREAM b'gAMA' 54 4
2026-05-14 16:46:23,785 - MainThread - PIL.PngImagePlugin - DEBUG - STREAM b'pHYs' 70 9
2026-05-14 16:46:23,785 - MainThread - PIL.PngImagePlugin - DEBUG - STREAM b'IDAT' 91 38330
2026-05-14 16:46:23,785 - MainThread - PIL.PngImagePlugin - DEBUG - STREAM b'IHDR' 16 13
2026-05-14 16:46:23,785 - MainThread - PIL.PngImagePlugin - DEBUG - STREAM b'sRGB' 41 1
2026-05-14 16:46:23,785 - MainThread - PIL.PngImagePlugin - DEBUG - STREAM b'gAMA' 54 4
2026-05-14 16:46:23,785 - MainThread - PIL.PngImagePlugin - DEBUG - STREAM b'pHYs' 70 9
2026-05-14 16:46:23,785 - MainThread - PIL.PngImagePlugin - DEBUG - STREAM b'IDAT' 91 38330
2026-05-14 16:46:38,997 - AI_Worker_0 - engine - ERROR - Erro ao processar pasta C:/Users/07049770108/Downloads/SEI_00002_00003672_2026_68: 'SEIEngine' object has no attribute '_extrair_texto_arquivo'
Traceback (most recent call last):
  File "c:\Users\07049770108\Documents\Gerador Sei\engine.py", line 506, in alimentar_banco_ia_por_pastas
    texto_processo += self._extrair_texto_arquivo(filepath) + "\n\n"
                      ^^^^^^^^^^^^^^^^^^^^^^^^^^^
AttributeError: 'SEIEngine' object has no attribute '_extrair_texto_arquivo'
